rasa run --cors "*" --debug  
/Users/elena/IdeaProjects/architecture-virtual_assistant/rasa_env/lib/python3.10/site-packages/rasa/core/tracker_store.py:1044: MovedIn20Warning: Deprecated API features detected! These feature(s) are not compatible with SQLAlchemy 2.0. To prevent incompatible upgrades prior to updating applications, ensure requirements files are pinned to "sqlalchemy<2.0". Set environment variable SQLALCHEMY_WARN_20=1 to show all deprecation warnings.  Set environment variable SQLALCHEMY_SILENCE_UBER_WARNING=1 to silence this message. (Background on SQLAlchemy 2.0 at: https://sqlalche.me/e/b8d9)
  Base: DeclarativeMeta = declarative_base()
/Users/elena/IdeaProjects/architecture-virtual_assistant/rasa_env/lib/python3.10/site-packages/rasa/shared/utils/validation.py:134: DeprecationWarning: pkg_resources is deprecated as an API. See https://setuptools.pypa.io/en/latest/pkg_resources.html
  import pkg_resources
/Users/elena/IdeaProjects/architecture-virtual_assistant/rasa_env/lib/python3.10/site-packages/pkg_resources/__init__.py:3117: DeprecationWarning: Deprecated call to `pkg_resources.declare_namespace('mpl_toolkits')`.
Implementing implicit namespace packages (as specified in PEP 420) is preferred to `pkg_resources.declare_namespace`. See https://setuptools.pypa.io/en/latest/references/keywords.html#keyword-namespace-packages
  declare_namespace(pkg)
/Users/elena/IdeaProjects/architecture-virtual_assistant/rasa_env/lib/python3.10/site-packages/pkg_resources/__init__.py:3117: DeprecationWarning: Deprecated call to `pkg_resources.declare_namespace('ruamel')`.
Implementing implicit namespace packages (as specified in PEP 420) is preferred to `pkg_resources.declare_namespace`. See https://setuptools.pypa.io/en/latest/references/keywords.html#keyword-namespace-packages
  declare_namespace(pkg)
<frozen importlib._bootstrap>:283: DeprecationWarning: the load_module() method is deprecated and slated for removal in Python 3.12; use exec_module() instead
2025-06-12 23:28:05 DEBUG    rasa.cli.utils  - Parameter 'credentials' not set. Using default location 'credentials.yml' instead.
<frozen importlib._bootstrap>:283: DeprecationWarning: the load_module() method is deprecated and slated for removal in Python 3.12; use exec_module() instead
/Users/elena/IdeaProjects/architecture-virtual_assistant/rasa_env/lib/python3.10/site-packages/sanic_cors/extension.py:39: DeprecationWarning: distutils Version classes are deprecated. Use packaging.version instead.
  SANIC_VERSION = LooseVersion(sanic_version)
2025-06-12 23:28:07 DEBUG    h5py._conv  - Creating converter from 7 to 5
2025-06-12 23:28:07 DEBUG    h5py._conv  - Creating converter from 5 to 7
2025-06-12 23:28:07 DEBUG    h5py._conv  - Creating converter from 7 to 5
2025-06-12 23:28:07 DEBUG    h5py._conv  - Creating converter from 5 to 7
2025-06-12 23:28:08 DEBUG    jax._src.path  - etils.epath was not found. Using pathlib for file I/O.
/Users/elena/IdeaProjects/architecture-virtual_assistant/rasa_env/lib/python3.10/site-packages/tensorflow/lite/python/util.py:52: DeprecationWarning: jax.xla_computation is deprecated. Please use the AOT APIs.
  from jax import xla_computation as _xla_computation
<frozen importlib._bootstrap>:283: DeprecationWarning: the load_module() method is deprecated and slated for removal in Python 3.12; use exec_module() instead
2025-06-12 23:28:09 DEBUG    sanic.root  - Sanic-CORS: Configuring CORS with resources: {'/*': {'origins': ['.*'], 'methods': 'DELETE, GET, HEAD, OPTIONS, PATCH, POST, PUT', 'allow_headers': ['.*'], 'expose_headers': 'filename', 'supports_credentials': True, 'max_age': None, 'send_wildcard': False, 'automatic_options': True, 'vary_header': True, 'resources': {'/*': {'origins': ['*']}}, 'intercept_exceptions': True, 'always_send': True}}
2025-06-12 23:28:09 DEBUG    rasa.core.utils  - Available web server routes: 
/webhooks/rasa                                     GET                            rasa_core_no_api.custom_webhook_RasaChatInput.health
/webhooks/rasa/webhook                             POST                           rasa_core_no_api.custom_webhook_RasaChatInput.receive
/webhooks/rest                                     GET                            rasa_core_no_api.custom_webhook_RestInput.health
/webhooks/rest/webhook                             POST                           rasa_core_no_api.custom_webhook_RestInput.receive
/                                                  GET                            rasa_core_no_api.hello
2025-06-12 23:28:09 INFO     root  - Starting Rasa server on http://0.0.0.0:5005
2025-06-12 23:28:09 DEBUG    rasa.core.utils  - Using the default number of Sanic workers (1).
/Users/elena/IdeaProjects/architecture-virtual_assistant/rasa_env/lib/python3.10/site-packages/rasa/shared/core/slot_mappings.py:224: UserWarning: Slot auto-fill has been removed in 3.0 and replaced with a new explicit mechanism to set slots. Please refer to https://rasa.com/docs/rasa/domain#slots to learn more.
  rasa.shared.utils.io.raise_warning(
2025-06-12 23:28:09 DEBUG    rasa.telemetry  - Skipping telemetry reporting: no license hash found.
2025-06-12 23:28:09 DEBUG    rasa.core.tracker_store  - Connected to InMemoryTrackerStore.
2025-06-12 23:28:09 DEBUG    rasa.core.lock_store  - Connected to lock store 'InMemoryLockStore'.
2025-06-12 23:28:09 DEBUG    rasa.core.nlg.generator  - Instantiated NLG to 'TemplatedNaturalLanguageGenerator'.
2025-06-12 23:28:09 INFO     rasa.core.processor  - Loading model models/20250612-201355-forward-hardball.tar.gz...
2025-06-12 23:28:09 DEBUG    rasa.engine.storage.local_model_storage  - Extracted model to '/var/folders/rw/0b6984pj3qx2r8rdrxf8y89r0000gn/T/tmpbxlg683k'.
/Users/elena/IdeaProjects/architecture-virtual_assistant/rasa_env/lib/python3.10/site-packages/rasa/shared/core/slot_mappings.py:224: UserWarning: Slot auto-fill has been removed in 3.0 and replaced with a new explicit mechanism to set slots. Please refer to https://rasa.com/docs/rasa/domain#slots to learn more.
  rasa.shared.utils.io.raise_warning(
2025-06-12 23:28:09 DEBUG    rasa.engine.graph  - Node 'nlu_message_converter' loading 'NLUMessageConverter.load' and kwargs: '{}'.
2025-06-12 23:28:09 DEBUG    rasa.engine.graph  - Node 'run_WhitespaceTokenizer0' loading 'WhitespaceTokenizer.load' and kwargs: '{}'.
2025-06-12 23:28:09 DEBUG    rasa.engine.graph  - Node 'run_RegexFeaturizer1' loading 'RegexFeaturizer.load' and kwargs: '{}'.
2025-06-12 23:28:09 DEBUG    rasa.engine.storage.local_model_storage  - Resource 'train_RegexFeaturizer1' was requested for reading.
2025-06-12 23:28:09 DEBUG    rasa.engine.graph  - Node 'run_LexicalSyntacticFeaturizer2' loading 'LexicalSyntacticFeaturizer.load' and kwargs: '{}'.
2025-06-12 23:28:09 DEBUG    rasa.engine.storage.local_model_storage  - Resource 'train_LexicalSyntacticFeaturizer2' was requested for reading.
2025-06-12 23:28:09 DEBUG    rasa.engine.graph  - Node 'run_CountVectorsFeaturizer3' loading 'CountVectorsFeaturizer.load' and kwargs: '{}'.
2025-06-12 23:28:09 DEBUG    rasa.engine.storage.local_model_storage  - Resource 'train_CountVectorsFeaturizer3' was requested for reading.
2025-06-12 23:28:09 DEBUG    rasa.engine.graph  - Node 'run_CountVectorsFeaturizer4' loading 'CountVectorsFeaturizer.load' and kwargs: '{}'.
2025-06-12 23:28:09 DEBUG    rasa.engine.storage.local_model_storage  - Resource 'train_CountVectorsFeaturizer4' was requested for reading.
2025-06-12 23:28:09 DEBUG    rasa.engine.graph  - Node 'run_DIETClassifier5' loading 'DIETClassifier.load' and kwargs: '{}'.
2025-06-12 23:28:09 DEBUG    rasa.engine.storage.local_model_storage  - Resource 'train_DIETClassifier5' was requested for reading.
2025-06-12 23:28:09 DEBUG    rasa.utils.tensorflow.models  - Loading the model from /var/folders/rw/0b6984pj3qx2r8rdrxf8y89r0000gn/T/tmp0xehn0rk/train_DIETClassifier5/DIETClassifier.tf_model with finetune_mode=False...
2025-06-12 23:28:09 DEBUG    rasa.nlu.classifiers.diet_classifier  - You specified 'DIET' to train entities, but no entities are present in the training data. Skipping training of entities.
2025-06-12 23:28:09 DEBUG    rasa.nlu.classifiers.diet_classifier  - Following metrics will be logged during training: 
2025-06-12 23:28:09 DEBUG    rasa.nlu.classifiers.diet_classifier  -   t_loss (total loss)
2025-06-12 23:28:09 DEBUG    rasa.nlu.classifiers.diet_classifier  -   i_acc (intent acc)
2025-06-12 23:28:09 DEBUG    rasa.nlu.classifiers.diet_classifier  -   i_loss (intent loss)
2025-06-12 23:28:09 WARNING  absl  - At this time, the v2.11+ optimizer `tf.keras.optimizers.Adam` runs slowly on M1/M2 Macs, please use the legacy Keras optimizer instead, located at `tf.keras.optimizers.legacy.Adam`.
2025-06-12 23:28:09 WARNING  absl  - There is a known slowdown when using v2.11+ Keras optimizers on M1/M2 Macs. Falling back to the legacy Keras optimizer, i.e., `tf.keras.optimizers.legacy.Adam`.
/opt/homebrew/Cellar/python@3.10/3.10.18/Frameworks/Python.framework/Versions/3.10/lib/python3.10/random.py:370: DeprecationWarning: non-integer arguments to randrange() have been deprecated since Python 3.10 and will be removed in a subsequent version
  return self.randrange(a, b+1)
2025-06-12 23:28:13 DEBUG    rasa.utils.tensorflow.models  - Finished loading the model.
2025-06-12 23:28:13 DEBUG    rasa.engine.graph  - Node 'run_EntitySynonymMapper6' loading 'EntitySynonymMapper.load' and kwargs: '{}'.
2025-06-12 23:28:13 DEBUG    rasa.engine.storage.local_model_storage  - Resource 'train_EntitySynonymMapper6' was requested for reading.
2025-06-12 23:28:13 DEBUG    rasa.nlu.extractors.entity_synonyms  - Failed to load ABCMeta from model storage. Resource 'train_EntitySynonymMapper6' doesn't exist.
2025-06-12 23:28:13 DEBUG    rasa.engine.graph  - Node 'run_ResponseSelector7' loading 'ResponseSelector.load' and kwargs: '{}'.
2025-06-12 23:28:13 DEBUG    rasa.engine.storage.local_model_storage  - Resource 'train_ResponseSelector7' was requested for reading.
2025-06-12 23:28:13 DEBUG    rasa.nlu.classifiers.diet_classifier  - Failed to load ABCMeta from model storage. Resource 'train_ResponseSelector7' doesn't exist.
2025-06-12 23:28:13 DEBUG    rasa.engine.storage.local_model_storage  - Resource 'train_ResponseSelector7' was requested for reading.
2025-06-12 23:28:13 DEBUG    rasa.nlu.selectors.response_selector  - Failed to load ResponseSelector from model storage. Resource 'train_ResponseSelector7' doesn't exist.
2025-06-12 23:28:13 DEBUG    rasa.engine.graph  - Node 'run_FallbackClassifier8' loading 'FallbackClassifier.load' and kwargs: '{}'.
2025-06-12 23:28:13 DEBUG    rasa.engine.graph  - Node 'run_RegexMessageHandler' loading 'RegexMessageHandler.load' and kwargs: '{}'.
2025-06-12 23:28:13 DEBUG    rasa.engine.graph  - Node 'domain_provider' loading 'DomainProvider.load' and kwargs: '{}'.
2025-06-12 23:28:13 DEBUG    rasa.engine.storage.local_model_storage  - Resource 'domain_provider' was requested for reading.
<frozen importlib._bootstrap>:283: DeprecationWarning: the load_module() method is deprecated and slated for removal in Python 3.12; use exec_module() instead
2025-06-12 23:28:13 DEBUG    rasa.engine.graph  - Node 'run_MemoizationPolicy0' loading 'MemoizationPolicy.load' and kwargs: '{}'.
2025-06-12 23:28:13 DEBUG    rasa.engine.storage.local_model_storage  - Resource 'train_MemoizationPolicy0' was requested for reading.
2025-06-12 23:28:13 DEBUG    rasa.engine.graph  - Node 'run_RulePolicy1' loading 'RulePolicy.load' and kwargs: '{}'.
2025-06-12 23:28:13 DEBUG    rasa.engine.storage.local_model_storage  - Resource 'train_RulePolicy1' was requested for reading.
2025-06-12 23:28:13 DEBUG    rasa.engine.graph  - Node 'run_UnexpecTEDIntentPolicy2' loading 'UnexpecTEDIntentPolicy.load' and kwargs: '{}'.
2025-06-12 23:28:13 DEBUG    rasa.engine.storage.local_model_storage  - Resource 'train_UnexpecTEDIntentPolicy2' was requested for reading.
2025-06-12 23:28:13 DEBUG    rasa.utils.tensorflow.models  - Loading the model from /var/folders/rw/0b6984pj3qx2r8rdrxf8y89r0000gn/T/tmp0xehn0rk/train_UnexpecTEDIntentPolicy2/unexpected_intent_policy.tf_model with finetune_mode=False...
2025-06-12 23:28:13 WARNING  absl  - At this time, the v2.11+ optimizer `tf.keras.optimizers.Adam` runs slowly on M1/M2 Macs, please use the legacy Keras optimizer instead, located at `tf.keras.optimizers.legacy.Adam`.
2025-06-12 23:28:13 WARNING  absl  - There is a known slowdown when using v2.11+ Keras optimizers on M1/M2 Macs. Falling back to the legacy Keras optimizer, i.e., `tf.keras.optimizers.legacy.Adam`.
2025-06-12 23:28:16 DEBUG    rasa.utils.tensorflow.models  - Finished loading the model.
2025-06-12 23:28:16 WARNING  rasa.shared.utils.common  - The UnexpecTED Intent Policy is currently experimental and might change or be removed in the future 🔬 Please share your feedback on it in the forum (https://forum.rasa.com) to help us make this feature ready for production.
2025-06-12 23:28:16 DEBUG    rasa.engine.graph  - Node 'run_TEDPolicy3' loading 'TEDPolicy.load' and kwargs: '{}'.
2025-06-12 23:28:16 DEBUG    rasa.engine.storage.local_model_storage  - Resource 'train_TEDPolicy3' was requested for reading.
2025-06-12 23:28:16 DEBUG    rasa.utils.tensorflow.models  - Loading the model from /var/folders/rw/0b6984pj3qx2r8rdrxf8y89r0000gn/T/tmp0xehn0rk/train_TEDPolicy3/ted_policy.tf_model with finetune_mode=False...
2025-06-12 23:28:16 WARNING  absl  - At this time, the v2.11+ optimizer `tf.keras.optimizers.Adam` runs slowly on M1/M2 Macs, please use the legacy Keras optimizer instead, located at `tf.keras.optimizers.legacy.Adam`.
2025-06-12 23:28:16 WARNING  absl  - There is a known slowdown when using v2.11+ Keras optimizers on M1/M2 Macs. Falling back to the legacy Keras optimizer, i.e., `tf.keras.optimizers.legacy.Adam`.
2025-06-12 23:28:18 DEBUG    rasa.utils.tensorflow.models  - Finished loading the model.
2025-06-12 23:28:18 DEBUG    rasa.engine.graph  - Node 'rule_only_data_provider' loading 'RuleOnlyDataProvider.load' and kwargs: '{}'.
2025-06-12 23:28:18 DEBUG    rasa.engine.storage.local_model_storage  - Resource 'train_RulePolicy1' was requested for reading.
2025-06-12 23:28:18 DEBUG    rasa.engine.graph  - Node 'select_prediction' loading 'DefaultPolicyPredictionEnsemble.load' and kwargs: '{}'.
2025-06-12 23:28:18 INFO     root  - Rasa server is up and running.
2025-06-12 23:28:18 INFO     root  - Enabling coroutine debugging. Loop id 6208878048.
2025-06-12 23:28:38 DEBUG    rasa.core.lock_store  - Issuing ticket for conversation 'PractikumStudent'.
2025-06-12 23:28:38 DEBUG    rasa.core.lock_store  - Acquiring lock for conversation 'PractikumStudent'.
2025-06-12 23:28:38 DEBUG    rasa.core.lock_store  - Acquired lock for conversation 'PractikumStudent'.
2025-06-12 23:28:38 DEBUG    rasa.core.tracker_store  - Could not find tracker for conversation ID 'PractikumStudent'.
2025-06-12 23:28:38 DEBUG    rasa.core.tracker_store  - No event broker configured. Skipping streaming events.
2025-06-12 23:28:38 DEBUG    rasa.core.processor  - Starting a new session for conversation ID 'PractikumStudent'.
2025-06-12 23:28:38 DEBUG    rasa.core.processor  - [debug    ] processor.actions.policy_prediction prediction_events=[]
2025-06-12 23:28:38 DEBUG    rasa.core.processor  - [debug    ] processor.actions.log          action_name=action_session_start rasa_events=[<rasa.shared.core.events.SessionStarted object at 0x30f2d6470>, ActionExecuted(action: action_listen, policy: None, confidence: None)]
2025-06-12 23:28:38 DEBUG    rasa.core.processor  - [debug    ] processor.slots.log            slot_values=	topic: None
	session_started_metadata: None
2025-06-12 23:28:38 DEBUG    rasa.engine.runner.dask  - Running graph with inputs: {'__message__': [<rasa.core.channels.channel.UserMessage object at 0x171f094b0>], '__tracker__': <rasa.shared.core.trackers.DialogueStateTracker object at 0x31a466fb0>}, targets: ['run_RegexMessageHandler'] and ExecutionContext(model_id='3666418cb2914d659f91b4e4734ce951', should_add_diagnostic_data=False, is_finetuning=False, node_name=None).
2025-06-12 23:28:38 DEBUG    rasa.engine.graph  - Node 'nlu_message_converter' running 'NLUMessageConverter.convert_user_message'.
2025-06-12 23:28:38 DEBUG    rasa.engine.graph  - Node 'run_WhitespaceTokenizer0' running 'WhitespaceTokenizer.process'.
2025-06-12 23:28:38 DEBUG    rasa.engine.graph  - Node 'run_RegexFeaturizer1' running 'RegexFeaturizer.process'.
2025-06-12 23:28:38 DEBUG    rasa.engine.graph  - Node 'run_LexicalSyntacticFeaturizer2' running 'LexicalSyntacticFeaturizer.process'.
2025-06-12 23:28:38 DEBUG    rasa.engine.graph  - Node 'run_CountVectorsFeaturizer3' running 'CountVectorsFeaturizer.process'.
2025-06-12 23:28:38 DEBUG    rasa.engine.graph  - Node 'run_CountVectorsFeaturizer4' running 'CountVectorsFeaturizer.process'.
2025-06-12 23:28:38 DEBUG    rasa.engine.graph  - Node 'run_DIETClassifier5' running 'DIETClassifier.process'.
2025-06-12 23:28:38 DEBUG    rasa.engine.graph  - Node 'run_EntitySynonymMapper6' running 'EntitySynonymMapper.process'.
2025-06-12 23:28:38 DEBUG    rasa.engine.graph  - Node 'run_ResponseSelector7' running 'ResponseSelector.process'.
2025-06-12 23:28:38 DEBUG    rasa.nlu.classifiers.diet_classifier  - There is no trained model for 'ResponseSelector': The component is either not trained or didn't receive enough training data.
2025-06-12 23:28:38 DEBUG    rasa.nlu.selectors.response_selector  - Adding following selector key to message property: default
2025-06-12 23:28:38 DEBUG    rasa.engine.graph  - Node 'run_FallbackClassifier8' running 'FallbackClassifier.process'.
2025-06-12 23:28:38 DEBUG    rasa.engine.graph  - Node 'domain_provider' running 'DomainProvider.provide_inference'.
2025-06-12 23:28:38 DEBUG    rasa.engine.graph  - Node 'run_RegexMessageHandler' running 'RegexMessageHandler.process'.
2025-06-12 23:28:38 DEBUG    rasa.core.processor  - [debug    ] processor.message.parse        parse_data_entities=[] parse_data_intent={'name': 'greet', 'confidence': 0.9999957084655762} parse_data_text=Привет
2025-06-12 23:28:38 DEBUG    rasa.core.processor  - Logged UserUtterance - tracker now has 4 events.
2025-06-12 23:28:38 DEBUG    rasa.core.actions.action  - Validating extracted slots: topic
2025-06-12 23:28:38 DEBUG    rasa.core.processor  - [debug    ] processor.extract.slots        action_extract_slot=action_extract_slots len_extraction_events=1 rasa_events=[SlotSet(key: topic, value: Привет)]
2025-06-12 23:28:38 DEBUG    rasa.engine.runner.dask  - Running graph with inputs: {'__tracker__': <rasa.shared.core.trackers.DialogueStateTracker object at 0x31a466fb0>}, targets: ['select_prediction'] and ExecutionContext(model_id='3666418cb2914d659f91b4e4734ce951', should_add_diagnostic_data=False, is_finetuning=False, node_name=None).
2025-06-12 23:28:38 DEBUG    rasa.engine.graph  - Node 'rule_only_data_provider' running 'RuleOnlyDataProvider.provide'.
2025-06-12 23:28:38 DEBUG    rasa.engine.graph  - Node 'domain_provider' running 'DomainProvider.provide_inference'.
2025-06-12 23:28:38 DEBUG    rasa.engine.graph  - Node 'run_MemoizationPolicy0' running 'MemoizationPolicy.predict_action_probabilities'.
2025-06-12 23:28:38 DEBUG    rasa.core.policies.memoization  - [debug    ] memoization.predict.actions    tracker_states=[{}, {'user': {'intent': 'greet'}, 'prev_action': {'action_name': 'action_listen'}}]
2025-06-12 23:28:38 DEBUG    rasa.core.policies.memoization  - There is a memorised next action 'utter_greet'
2025-06-12 23:28:38 DEBUG    rasa.engine.graph  - Node 'run_RulePolicy1' running 'RulePolicy.predict_action_probabilities'.
2025-06-12 23:28:38 DEBUG    rasa.core.policies.rule_policy  - [debug    ] rule_policy.actions.find       current_states=
[state 1] user text: Привет | previous action name: action_listen
2025-06-12 23:28:38 DEBUG    rasa.core.policies.rule_policy  - There is no applicable rule.
2025-06-12 23:28:38 DEBUG    rasa.core.policies.rule_policy  - [debug    ] rule_policy.actions.find       current_states=
[state 1] user intent: greet | previous action name: action_listen
2025-06-12 23:28:38 DEBUG    rasa.core.policies.rule_policy  - There is a rule for the next action 'utter_greet'.
2025-06-12 23:28:38 DEBUG    rasa.engine.graph  - Node 'run_TEDPolicy3' running 'TEDPolicy.predict_action_probabilities'.
2025-06-12 23:28:38 DEBUG    rasa.core.policies.ted_policy  - TED predicted 'utter_greet' based on user intent.
2025-06-12 23:28:38 DEBUG    rasa.engine.graph  - Node 'run_UnexpecTEDIntentPolicy2' running 'UnexpecTEDIntentPolicy.predict_action_probabilities'.
2025-06-12 23:28:38 DEBUG    rasa.core.policies.unexpected_intent_policy  - Querying for intent `greet`.
2025-06-12 23:28:38 DEBUG    rasa.core.policies.unexpected_intent_policy  - Score for intent `greet` is `1.8113088607788086`, while threshold is `-1.9859936237335205`.
2025-06-12 23:28:38 DEBUG    rasa.core.policies.unexpected_intent_policy  - Top 5 intents (in ascending order) that are likely here are: `[('ask_architecture', -1.8342931), ('session_start', -1.5597622), ('goodbye', 1.5782762), ('greet', 1.8113089), ('request_info', 2.0548728)]`.
2025-06-12 23:28:38 DEBUG    rasa.engine.graph  - Node 'select_prediction' running 'DefaultPolicyPredictionEnsemble.combine_predictions_from_kwargs'.
2025-06-12 23:28:38 DEBUG    rasa.core.policies.ensemble  - Made prediction using user intent.
2025-06-12 23:28:38 DEBUG    rasa.core.policies.ensemble  - Added `DefinePrevUserUtteredFeaturization(False)` event.
2025-06-12 23:28:38 DEBUG    rasa.core.policies.ensemble  - Predicted next action using RulePolicy.
2025-06-12 23:28:38 DEBUG    rasa.core.processor  - Predicted next action 'utter_greet' with confidence 1.00.
2025-06-12 23:28:38 DEBUG    rasa.core.processor  - [debug    ] processor.actions.policy_prediction prediction_events=[<rasa.shared.core.events.DefinePrevUserUtteredFeaturization object at 0x30f2d7a90>]
2025-06-12 23:28:38 DEBUG    rasa.core.processor  - [debug    ] processor.actions.log          action_name=utter_greet rasa_events=[BotUttered('Привет! Чем могу помочь в области архитектуры программного обеспечения?', {"elements": null, "quick_replies": null, "buttons": null, "attachment": null, "image": null, "custom": null}, {"utter_action": "utter_greet"}, 1749760118.7672698)]
2025-06-12 23:28:38 DEBUG    rasa.engine.runner.dask  - Running graph with inputs: {'__tracker__': <rasa.shared.core.trackers.DialogueStateTracker object at 0x31a466fb0>}, targets: ['select_prediction'] and ExecutionContext(model_id='3666418cb2914d659f91b4e4734ce951', should_add_diagnostic_data=False, is_finetuning=False, node_name=None).
2025-06-12 23:28:38 DEBUG    rasa.engine.graph  - Node 'rule_only_data_provider' running 'RuleOnlyDataProvider.provide'.
2025-06-12 23:28:38 DEBUG    rasa.engine.graph  - Node 'domain_provider' running 'DomainProvider.provide_inference'.
2025-06-12 23:28:38 DEBUG    rasa.engine.graph  - Node 'run_MemoizationPolicy0' running 'MemoizationPolicy.predict_action_probabilities'.
2025-06-12 23:28:38 DEBUG    rasa.core.policies.memoization  - [debug    ] memoization.predict.actions    tracker_states=[{}, {'user': {'intent': 'greet'}, 'prev_action': {'action_name': 'action_listen'}}, {'user': {'intent': 'greet'}, 'prev_action': {'action_name': 'utter_greet'}}]
2025-06-12 23:28:38 DEBUG    rasa.core.policies.memoization  - There is a memorised next action 'action_listen'
2025-06-12 23:28:38 DEBUG    rasa.engine.graph  - Node 'run_RulePolicy1' running 'RulePolicy.predict_action_probabilities'.
2025-06-12 23:28:38 DEBUG    rasa.core.policies.rule_policy  - [debug    ] rule_policy.actions.find       current_states=
[state 1] user intent: greet | previous action name: action_listen
[state 2] user intent: greet | previous action name: utter_greet
2025-06-12 23:28:38 DEBUG    rasa.core.policies.rule_policy  - There is a rule for the next action 'action_listen'.
2025-06-12 23:28:38 DEBUG    rasa.engine.graph  - Node 'run_TEDPolicy3' running 'TEDPolicy.predict_action_probabilities'.
2025-06-12 23:28:38 DEBUG    rasa.core.policies.ted_policy  - TED predicted 'action_listen' based on user intent.
2025-06-12 23:28:38 DEBUG    rasa.engine.graph  - Node 'run_UnexpecTEDIntentPolicy2' running 'UnexpecTEDIntentPolicy.predict_action_probabilities'.
2025-06-12 23:28:38 DEBUG    rasa.core.policies.unexpected_intent_policy  - Skipping predictions for UnexpecTEDIntentPolicy as either there is no event of type `UserUttered`, event's intent is new and not in domain or there is an event of type `ActionExecuted` after the last `UserUttered`.
2025-06-12 23:28:38 DEBUG    rasa.engine.graph  - Node 'select_prediction' running 'DefaultPolicyPredictionEnsemble.combine_predictions_from_kwargs'.
2025-06-12 23:28:38 DEBUG    rasa.core.policies.ensemble  - Predicted next action using RulePolicy.
2025-06-12 23:28:38 DEBUG    rasa.core.processor  - Predicted next action 'action_listen' with confidence 1.00.
2025-06-12 23:28:38 DEBUG    rasa.core.processor  - [debug    ] processor.actions.policy_prediction prediction_events=[]
2025-06-12 23:28:38 DEBUG    rasa.core.processor  - [debug    ] processor.actions.log          action_name=action_listen rasa_events=[]
2025-06-12 23:28:38 DEBUG    rasa.core.tracker_store  - No event broker configured. Skipping streaming events.
2025-06-12 23:28:38 DEBUG    rasa.core.lock_store  - Deleted lock for conversation 'PractikumStudent'.
2025-06-12 23:29:37 DEBUG    rasa.core.lock_store  - Issuing ticket for conversation 'PractikumStudent'.
2025-06-12 23:29:37 DEBUG    rasa.core.lock_store  - Acquiring lock for conversation 'PractikumStudent'.
2025-06-12 23:29:37 DEBUG    rasa.core.lock_store  - Acquired lock for conversation 'PractikumStudent'.
2025-06-12 23:29:37 DEBUG    rasa.core.tracker_store  - Recreating tracker for id 'PractikumStudent'
2025-06-12 23:29:37 DEBUG    rasa.engine.runner.dask  - Running graph with inputs: {'__message__': [<rasa.core.channels.channel.UserMessage object at 0x30bdad660>], '__tracker__': <rasa.shared.core.trackers.DialogueStateTracker object at 0x177b3f250>}, targets: ['run_RegexMessageHandler'] and ExecutionContext(model_id='3666418cb2914d659f91b4e4734ce951', should_add_diagnostic_data=False, is_finetuning=False, node_name=None).
2025-06-12 23:29:37 DEBUG    rasa.engine.graph  - Node 'nlu_message_converter' running 'NLUMessageConverter.convert_user_message'.
2025-06-12 23:29:37 DEBUG    rasa.engine.graph  - Node 'run_WhitespaceTokenizer0' running 'WhitespaceTokenizer.process'.
2025-06-12 23:29:37 DEBUG    rasa.engine.graph  - Node 'run_RegexFeaturizer1' running 'RegexFeaturizer.process'.
2025-06-12 23:29:37 DEBUG    rasa.engine.graph  - Node 'run_LexicalSyntacticFeaturizer2' running 'LexicalSyntacticFeaturizer.process'.
2025-06-12 23:29:37 DEBUG    rasa.engine.graph  - Node 'run_CountVectorsFeaturizer3' running 'CountVectorsFeaturizer.process'.
2025-06-12 23:29:37 DEBUG    rasa.engine.graph  - Node 'run_CountVectorsFeaturizer4' running 'CountVectorsFeaturizer.process'.
2025-06-12 23:29:37 DEBUG    rasa.engine.graph  - Node 'run_DIETClassifier5' running 'DIETClassifier.process'.
2025-06-12 23:29:37 DEBUG    rasa.engine.graph  - Node 'run_EntitySynonymMapper6' running 'EntitySynonymMapper.process'.
2025-06-12 23:29:37 DEBUG    rasa.engine.graph  - Node 'run_ResponseSelector7' running 'ResponseSelector.process'.
2025-06-12 23:29:37 DEBUG    rasa.nlu.classifiers.diet_classifier  - There is no trained model for 'ResponseSelector': The component is either not trained or didn't receive enough training data.
2025-06-12 23:29:37 DEBUG    rasa.nlu.selectors.response_selector  - Adding following selector key to message property: default
2025-06-12 23:29:37 DEBUG    rasa.engine.graph  - Node 'run_FallbackClassifier8' running 'FallbackClassifier.process'.
2025-06-12 23:29:37 DEBUG    rasa.engine.graph  - Node 'domain_provider' running 'DomainProvider.provide_inference'.
2025-06-12 23:29:37 DEBUG    rasa.engine.graph  - Node 'run_RegexMessageHandler' running 'RegexMessageHandler.process'.
2025-06-12 23:29:37 DEBUG    rasa.core.processor  - [debug    ] processor.message.parse        parse_data_entities=[] parse_data_intent={'name': 'ask_architecture', 'confidence': 0.9999992847442627} parse_data_text=Расскажи о проектировании решений с микросервисной архитектурой
2025-06-12 23:29:37 DEBUG    rasa.core.processor  - Logged UserUtterance - tracker now has 10 events.
2025-06-12 23:29:37 DEBUG    rasa.core.actions.action  - Validating extracted slots: topic
2025-06-12 23:29:37 DEBUG    rasa.core.processor  - [debug    ] processor.extract.slots        action_extract_slot=action_extract_slots len_extraction_events=1 rasa_events=[SlotSet(key: topic, value: Расскажи о проектировании решений с микросервисной архитектурой)]
2025-06-12 23:29:37 DEBUG    rasa.engine.runner.dask  - Running graph with inputs: {'__tracker__': <rasa.shared.core.trackers.DialogueStateTracker object at 0x177b3f250>}, targets: ['select_prediction'] and ExecutionContext(model_id='3666418cb2914d659f91b4e4734ce951', should_add_diagnostic_data=False, is_finetuning=False, node_name=None).
2025-06-12 23:29:37 DEBUG    rasa.engine.graph  - Node 'rule_only_data_provider' running 'RuleOnlyDataProvider.provide'.
2025-06-12 23:29:37 DEBUG    rasa.engine.graph  - Node 'domain_provider' running 'DomainProvider.provide_inference'.
2025-06-12 23:29:37 DEBUG    rasa.engine.graph  - Node 'run_MemoizationPolicy0' running 'MemoizationPolicy.predict_action_probabilities'.
2025-06-12 23:29:37 DEBUG    rasa.core.policies.memoization  - [debug    ] memoization.predict.actions    tracker_states=[{}, {'user': {'intent': 'greet'}, 'prev_action': {'action_name': 'action_listen'}}, {'user': {'intent': 'greet'}, 'prev_action': {'action_name': 'utter_greet'}}, {'user': {'intent': 'ask_architecture'}, 'prev_action': {'action_name': 'action_listen'}}]
2025-06-12 23:29:37 DEBUG    rasa.core.policies.memoization  - There is a memorised next action 'utter_architecture_response'
2025-06-12 23:29:37 DEBUG    rasa.engine.graph  - Node 'run_RulePolicy1' running 'RulePolicy.predict_action_probabilities'.
2025-06-12 23:29:37 DEBUG    rasa.core.policies.rule_policy  - [debug    ] rule_policy.actions.find       current_states=
[state 1] user intent: greet | previous action name: action_listen
[state 2] user intent: greet | previous action name: utter_greet
[state 3] user text: Расскажи о проектировании решений с микросервисной архитектурой | previous action name: action_listen
2025-06-12 23:29:37 DEBUG    rasa.core.policies.rule_policy  - There is no applicable rule.
2025-06-12 23:29:37 DEBUG    rasa.core.policies.rule_policy  - [debug    ] rule_policy.actions.find       current_states=
[state 1] user intent: greet | previous action name: action_listen
[state 2] user intent: greet | previous action name: utter_greet
[state 3] user intent: ask_architecture | previous action name: action_listen
2025-06-12 23:29:37 DEBUG    rasa.core.policies.rule_policy  - There is a rule for the next action 'utter_architecture_response'.
2025-06-12 23:29:37 DEBUG    rasa.engine.graph  - Node 'run_TEDPolicy3' running 'TEDPolicy.predict_action_probabilities'.
2025-06-12 23:29:37 DEBUG    rasa.core.policies.ted_policy  - TED predicted 'utter_architecture_response' based on user intent.
2025-06-12 23:29:37 DEBUG    rasa.engine.graph  - Node 'run_UnexpecTEDIntentPolicy2' running 'UnexpecTEDIntentPolicy.predict_action_probabilities'.
2025-06-12 23:29:37 DEBUG    rasa.core.policies.unexpected_intent_policy  - Querying for intent `ask_architecture`.
2025-06-12 23:29:37 DEBUG    rasa.core.policies.unexpected_intent_policy  - Score for intent `ask_architecture` is `1.5626463890075684`, while threshold is `-1.834293246269226`.
2025-06-12 23:29:37 DEBUG    rasa.core.policies.unexpected_intent_policy  - Top 5 intents (in ascending order) that are likely here are: `[('nlu_fallback', -1.7533852), ('affirm', -1.5334675), ('goodbye', -1.3055857), ('deny', -1.1304258), ('ask_architecture', 1.5626464)]`.
2025-06-12 23:29:37 DEBUG    rasa.engine.graph  - Node 'select_prediction' running 'DefaultPolicyPredictionEnsemble.combine_predictions_from_kwargs'.
2025-06-12 23:29:37 DEBUG    rasa.core.policies.ensemble  - Made prediction using user intent.
2025-06-12 23:29:37 DEBUG    rasa.core.policies.ensemble  - Added `DefinePrevUserUtteredFeaturization(False)` event.
2025-06-12 23:29:37 DEBUG    rasa.core.policies.ensemble  - Predicted next action using RulePolicy.
2025-06-12 23:29:37 DEBUG    rasa.core.processor  - Predicted next action 'utter_architecture_response' with confidence 1.00.
2025-06-12 23:29:37 DEBUG    rasa.core.processor  - [debug    ] processor.actions.policy_prediction prediction_events=[<rasa.shared.core.events.DefinePrevUserUtteredFeaturization object at 0x30f2d76a0>]
2025-06-12 23:29:37 DEBUG    rasa.core.processor  - [debug    ] processor.actions.log          action_name=utter_architecture_response rasa_events=[BotUttered('Архитектура ПО включает выбор структур, которые обеспечивают масштабируемость, гибкость и поддерживаемость приложения. Задайте конкретный вопрос по этой теме, и я помогу вам с информацией.', {"elements": null, "quick_replies": null, "buttons": null, "attachment": null, "image": null, "custom": null}, {"utter_action": "utter_architecture_response"}, 1749760177.309388)]
2025-06-12 23:29:37 DEBUG    rasa.engine.runner.dask  - Running graph with inputs: {'__tracker__': <rasa.shared.core.trackers.DialogueStateTracker object at 0x177b3f250>}, targets: ['select_prediction'] and ExecutionContext(model_id='3666418cb2914d659f91b4e4734ce951', should_add_diagnostic_data=False, is_finetuning=False, node_name=None).
2025-06-12 23:29:37 DEBUG    rasa.engine.graph  - Node 'rule_only_data_provider' running 'RuleOnlyDataProvider.provide'.
2025-06-12 23:29:37 DEBUG    rasa.engine.graph  - Node 'domain_provider' running 'DomainProvider.provide_inference'.
2025-06-12 23:29:37 DEBUG    rasa.engine.graph  - Node 'run_MemoizationPolicy0' running 'MemoizationPolicy.predict_action_probabilities'.
2025-06-12 23:29:37 DEBUG    rasa.core.policies.memoization  - [debug    ] memoization.predict.actions    tracker_states=[{}, {'user': {'intent': 'greet'}, 'prev_action': {'action_name': 'action_listen'}}, {'user': {'intent': 'greet'}, 'prev_action': {'action_name': 'utter_greet'}}, {'user': {'intent': 'ask_architecture'}, 'prev_action': {'action_name': 'action_listen'}}, {'user': {'intent': 'ask_architecture'}, 'prev_action': {'action_name': 'utter_architecture_response'}}]
2025-06-12 23:29:37 DEBUG    rasa.core.policies.memoization  - There is a memorised next action 'action_listen'
2025-06-12 23:29:37 DEBUG    rasa.engine.graph  - Node 'run_RulePolicy1' running 'RulePolicy.predict_action_probabilities'.
2025-06-12 23:29:37 DEBUG    rasa.core.policies.rule_policy  - [debug    ] rule_policy.actions.find       current_states=
[state 1] user intent: greet | previous action name: action_listen
[state 2] user intent: greet | previous action name: utter_greet
[state 3] user intent: ask_architecture | previous action name: action_listen
[state 4] user intent: ask_architecture | previous action name: utter_architecture_response
2025-06-12 23:29:37 DEBUG    rasa.core.policies.rule_policy  - There is a rule for the next action 'action_listen'.
2025-06-12 23:29:37 DEBUG    rasa.engine.graph  - Node 'run_TEDPolicy3' running 'TEDPolicy.predict_action_probabilities'.
2025-06-12 23:29:37 DEBUG    rasa.core.policies.ted_policy  - TED predicted 'action_listen' based on user intent.
2025-06-12 23:29:37 DEBUG    rasa.engine.graph  - Node 'run_UnexpecTEDIntentPolicy2' running 'UnexpecTEDIntentPolicy.predict_action_probabilities'.
2025-06-12 23:29:37 DEBUG    rasa.core.policies.unexpected_intent_policy  - Skipping predictions for UnexpecTEDIntentPolicy as either there is no event of type `UserUttered`, event's intent is new and not in domain or there is an event of type `ActionExecuted` after the last `UserUttered`.
2025-06-12 23:29:37 DEBUG    rasa.engine.graph  - Node 'select_prediction' running 'DefaultPolicyPredictionEnsemble.combine_predictions_from_kwargs'.
2025-06-12 23:29:37 DEBUG    rasa.core.policies.ensemble  - Predicted next action using RulePolicy.
2025-06-12 23:29:37 DEBUG    rasa.core.processor  - Predicted next action 'action_listen' with confidence 1.00.
2025-06-12 23:29:37 DEBUG    rasa.core.processor  - [debug    ] processor.actions.policy_prediction prediction_events=[]
2025-06-12 23:29:37 DEBUG    rasa.core.processor  - [debug    ] processor.actions.log          action_name=action_listen rasa_events=[]
2025-06-12 23:29:37 DEBUG    rasa.core.tracker_store  - No event broker configured. Skipping streaming events.
2025-06-12 23:29:37 DEBUG    rasa.core.lock_store  - Deleted lock for conversation 'PractikumStudent'.